// Jest Snapshot v1, https://goo.gl/fbAQLP

exports[`<ProjectItem /> matches previous snap 1`] = `
<div>
  <div
    className="user"
  >
    <div
      className="username"
    >
      IslaMurtazaev
    </div>
    <div
      className="email"
    >
      islam.muratazaev@gmail.com
    </div>
  </div>
  <Link
    className="newProjectLink"
    replace={false}
    to="/project/create"
  >
    New Project
  </Link>
  <div
    className="projectList"
  >
    <ul />
  </div>
</div>
`;
